<?xml version="1.0" encoding="UTF-8"?>
<TestRun id="41aa0f36-8fcf-4c9c-856c-f8947b8d78f8" name="Alex@ALEX-PC 2011-09-24 21:51:46" runUser="Alex-PC\Alex" xmlns="http://microsoft.com/schemas/VisualStudio/TeamTest/2010">
  <TestSettings name="Local" id="1fdfb5ef-346c-4332-abe8-550a27ec68da">
    <Description>These are default test settings for a local test run.</Description>
    <Deployment enabled="false" runDeploymentRoot="Alex_ALEX-PC 2011-09-24 21_51_46">
      <DeploymentItem filename="C:\Labs\MVC\RegMaster\RegMaster.Services\bin\Debug\RegMaster.Services.dll" />
      <DeploymentItem filename="C:\Labs\MVC\RegMaster\RegMaster.Data\bin\Debug\RegMaster.Data.dll" />
    </Deployment>
    <Execution>
      <TestTypeSpecific />
      <AgentRule name="Execution Agents">
      </AgentRule>
    </Execution>
  </TestSettings>
  <Times creation="2011-09-24T21:51:46.4283623-07:00" queuing="2011-09-24T21:51:46.5193675-07:00" start="2011-09-24T21:51:46.6013722-07:00" finish="2011-09-24T21:51:47.2664103-07:00" />
  <ResultSummary outcome="Failed">
    <Counters total="4" executed="4" passed="3" error="0" failed="1" timeout="0" aborted="0" inconclusive="0" passedButRunAborted="0" notRunnable="0" notExecuted="0" disconnected="0" warning="0" completed="0" inProgress="0" pending="0" />
  </ResultSummary>
  <TestDefinitions>
    <UnitTest name="CatalogRepository_Repository_Is_Not_Null" storage="c:\labs\mvc\regmaster\regmaster.tests\bin\debug\regmaster.tests.dll" id="3e0b0710-a9c8-35e7-9650-856398ddf9c7">
      <Execution id="425c8709-d8c0-4e17-b448-99a28976b9ee" />
      <TestMethod codeBase="C:/Labs/MVC/RegMaster/RegMaster.Tests/bin/Debug/RegMaster.Tests.DLL" adapterTypeName="Microsoft.VisualStudio.TestTools.TestTypes.Unit.UnitTestAdapter, Microsoft.VisualStudio.QualityTools.Tips.UnitTest.Adapter, Version=10.0.0.0, Culture=neutral, PublicKeyToken=b03f5f7f11d50a3a" className="RegMaster.Tests.CatalogTests, RegMaster.Tests, Version=1.0.0.0, Culture=neutral, PublicKeyToken=null" name="CatalogRepository_Repository_Is_Not_Null" />
    </UnitTest>
    <UnitTest name="Product_Discount_Price_Is_Valid" storage="c:\labs\mvc\regmaster\regmaster.tests\bin\debug\regmaster.tests.dll" id="59e6dfca-3962-0ca6-8e38-13896fa7c89f">
      <Execution id="845637a4-8b53-442f-9fb6-a204de8541f8" />
      <TestMethod codeBase="C:/Labs/MVC/RegMaster/RegMaster.Tests/bin/Debug/RegMaster.Tests.DLL" adapterTypeName="Microsoft.VisualStudio.TestTools.TestTypes.Unit.UnitTestAdapter, Microsoft.VisualStudio.QualityTools.Tips.UnitTest.Adapter, Version=10.0.0.0, Culture=neutral, PublicKeyToken=b03f5f7f11d50a3a" className="RegMaster.Tests.CatalogTests, RegMaster.Tests, Version=1.0.0.0, Culture=neutral, PublicKeyToken=null" name="Product_Discount_Price_Is_Valid" />
    </UnitTest>
    <UnitTest name="Product_Discount_Amount_IsValid" storage="c:\labs\mvc\regmaster\regmaster.tests\bin\debug\regmaster.tests.dll" id="0d532201-f912-9407-3f8e-524967e4a4ac">
      <Execution id="a28b1460-ddc2-4bdc-9860-c0a9a5f4f8bc" />
      <TestMethod codeBase="C:/Labs/MVC/RegMaster/RegMaster.Tests/bin/Debug/RegMaster.Tests.DLL" adapterTypeName="Microsoft.VisualStudio.TestTools.TestTypes.Unit.UnitTestAdapter, Microsoft.VisualStudio.QualityTools.Tips.UnitTest.Adapter, Version=10.0.0.0, Culture=neutral, PublicKeyToken=b03f5f7f11d50a3a" className="RegMaster.Tests.CatalogTests, RegMaster.Tests, Version=1.0.0.0, Culture=neutral, PublicKeyToken=null" name="Product_Discount_Amount_IsValid" />
    </UnitTest>
    <UnitTest name="CatalogService_Can_Get_Categories_From_Repository" storage="c:\labs\mvc\regmaster\regmaster.tests\bin\debug\regmaster.tests.dll" id="4045b84d-3b46-3f2a-9ef0-b22dbd3f1875">
      <Execution id="5519e69b-02fe-4f80-b974-a0f37666cecc" />
      <TestMethod codeBase="C:/Labs/MVC/RegMaster/RegMaster.Tests/bin/Debug/RegMaster.Tests.DLL" adapterTypeName="Microsoft.VisualStudio.TestTools.TestTypes.Unit.UnitTestAdapter, Microsoft.VisualStudio.QualityTools.Tips.UnitTest.Adapter, Version=10.0.0.0, Culture=neutral, PublicKeyToken=b03f5f7f11d50a3a" className="RegMaster.Tests.CatalogTests, RegMaster.Tests, Version=1.0.0.0, Culture=neutral, PublicKeyToken=null" name="CatalogService_Can_Get_Categories_From_Repository" />
    </UnitTest>
  </TestDefinitions>
  <TestLists>
    <TestList name="Results Not in a List" id="8c84fa94-04c1-424b-9868-57a2d4851a1d" />
    <TestList name="All Loaded Results" id="19431567-8539-422a-85d7-44ee4e166bda" />
  </TestLists>
  <TestEntries>
    <TestEntry testId="0d532201-f912-9407-3f8e-524967e4a4ac" executionId="a28b1460-ddc2-4bdc-9860-c0a9a5f4f8bc" testListId="8c84fa94-04c1-424b-9868-57a2d4851a1d" />
    <TestEntry testId="59e6dfca-3962-0ca6-8e38-13896fa7c89f" executionId="845637a4-8b53-442f-9fb6-a204de8541f8" testListId="8c84fa94-04c1-424b-9868-57a2d4851a1d" />
    <TestEntry testId="3e0b0710-a9c8-35e7-9650-856398ddf9c7" executionId="425c8709-d8c0-4e17-b448-99a28976b9ee" testListId="8c84fa94-04c1-424b-9868-57a2d4851a1d" />
    <TestEntry testId="4045b84d-3b46-3f2a-9ef0-b22dbd3f1875" executionId="5519e69b-02fe-4f80-b974-a0f37666cecc" testListId="8c84fa94-04c1-424b-9868-57a2d4851a1d" />
  </TestEntries>
  <Results>
    <UnitTestResult executionId="a28b1460-ddc2-4bdc-9860-c0a9a5f4f8bc" testId="0d532201-f912-9407-3f8e-524967e4a4ac" testName="Product_Discount_Amount_IsValid" computerName="ALEX-PC" duration="00:00:00.0315063" startTime="2011-09-24T21:51:46.6193733-07:00" endTime="2011-09-24T21:51:47.1404031-07:00" testType="13cdc9d9-ddb5-4fa4-a97d-d965ccfc6d4b" outcome="Passed" testListId="8c84fa94-04c1-424b-9868-57a2d4851a1d" relativeResultsDirectory="a28b1460-ddc2-4bdc-9860-c0a9a5f4f8bc">
    </UnitTestResult>
    <UnitTestResult executionId="845637a4-8b53-442f-9fb6-a204de8541f8" testId="59e6dfca-3962-0ca6-8e38-13896fa7c89f" testName="Product_Discount_Price_Is_Valid" computerName="ALEX-PC" duration="00:00:00.0007021" startTime="2011-09-24T21:51:47.1464034-07:00" endTime="2011-09-24T21:51:47.1554039-07:00" testType="13cdc9d9-ddb5-4fa4-a97d-d965ccfc6d4b" outcome="Passed" testListId="8c84fa94-04c1-424b-9868-57a2d4851a1d" relativeResultsDirectory="845637a4-8b53-442f-9fb6-a204de8541f8">
    </UnitTestResult>
    <UnitTestResult executionId="425c8709-d8c0-4e17-b448-99a28976b9ee" testId="3e0b0710-a9c8-35e7-9650-856398ddf9c7" testName="CatalogRepository_Repository_Is_Not_Null" computerName="ALEX-PC" duration="00:00:00.0043869" startTime="2011-09-24T21:51:47.1594042-07:00" endTime="2011-09-24T21:51:47.1714048-07:00" testType="13cdc9d9-ddb5-4fa4-a97d-d965ccfc6d4b" outcome="Passed" testListId="8c84fa94-04c1-424b-9868-57a2d4851a1d" relativeResultsDirectory="425c8709-d8c0-4e17-b448-99a28976b9ee">
    </UnitTestResult>
    <UnitTestResult executionId="5519e69b-02fe-4f80-b974-a0f37666cecc" testId="4045b84d-3b46-3f2a-9ef0-b22dbd3f1875" testName="CatalogService_Can_Get_Categories_From_Repository" computerName="ALEX-PC" duration="00:00:00.0430217" startTime="2011-09-24T21:51:47.1774052-07:00" endTime="2011-09-24T21:51:47.2254079-07:00" testType="13cdc9d9-ddb5-4fa4-a97d-d965ccfc6d4b" outcome="Failed" testListId="8c84fa94-04c1-424b-9868-57a2d4851a1d" relativeResultsDirectory="5519e69b-02fe-4f80-b974-a0f37666cecc">
      <Output>
        <ErrorInfo>
          <Message>Test method RegMaster.Tests.CatalogTests.CatalogService_Can_Get_Categories_From_Repository threw exception: 
System.NotImplementedException: The method or operation is not implemented.</Message>
          <StackTrace>    at RegMaster.Services.CatalogService.GetCategories() in C:\Labs\MVC\RegMaster\RegMaster.Services\CatalogService.cs:line 31
   at RegMaster.Tests.CatalogTests.CatalogService_Can_Get_Categories_From_Repository() in C:\Labs\MVC\RegMaster\RegMaster.Tests\Catalogtests.cs:line 52
</StackTrace>
        </ErrorInfo>
      </Output>
    </UnitTestResult>
  </Results>
</TestRun>